// Jest Snapshot v1, https://goo.gl/fbAQLP

exports[`Card Component Render Component 1`] = `
<Card
  _id=""
  answer=""
  controls={
    Object {
      "nextCard": [Function],
      "previousCard": [Function],
    }
  }
  creator=""
  pushNotification={[Function]}
  question=""
>
  <Card__CardBody>
    <StyledComponent
      forwardedComponent={
        Object {
          "$$typeof": Symbol(react.forward_ref),
          "attrs": Array [],
          "componentStyle": ComponentStyle {
            "componentId": "Card__CardBody-d2183a-0",
            "isStatic": true,
            "lastClassName": "bnnVid",
            "rules": Array [
              "display:flex;flex:1;flex-direction:column;justify-content:space-between;",
            ],
          },
          "displayName": "Card__CardBody",
          "foldedComponentIds": Array [],
          "render": [Function],
          "styledComponentId": "Card__CardBody-d2183a-0",
          "target": "div",
          "toString": [Function],
          "warnTooManyClasses": [Function],
          "withComponent": [Function],
        }
      }
      forwardedRef={null}
    >
      <div
        className="Card__CardBody-d2183a-0 bnnVid"
      >
        <Card__CardText
          shouldSlideIn={true}
        >
          <StyledComponent
            forwardedComponent={
              Object {
                "$$typeof": Symbol(react.forward_ref),
                "attrs": Array [],
                "componentStyle": ComponentStyle {
                  "componentId": "Card__CardText-d2183a-1",
                  "isStatic": true,
                  "lastClassName": "gDeGUy",
                  "rules": Array [
                    "color:",
                    "#222222",
                    ";font-size:",
                    "1.5em",
                    ";transition:transform 400ms ease;",
                  ],
                },
                "displayName": "Card__CardText",
                "foldedComponentIds": Array [],
                "render": [Function],
                "styledComponentId": "Card__CardText-d2183a-1",
                "target": "h2",
                "toString": [Function],
                "warnTooManyClasses": [Function],
                "withComponent": [Function],
              }
            }
            forwardedRef={null}
            shouldSlideIn={true}
          >
            <h2
              className="Card__CardText-d2183a-1 gDeGUy"
            />
          </StyledComponent>
        </Card__CardText>
        <Card__AnswerInput
          name="answer"
          onChange={[Function]}
          onKeyDown={[Function]}
          placeholder="Answer"
          value=""
        >
          <StyledComponent
            forwardedComponent={
              Object {
                "$$typeof": Symbol(react.forward_ref),
                "attrs": Array [],
                "componentStyle": ComponentStyle {
                  "componentId": "Card__AnswerInput-d2183a-2",
                  "isStatic": true,
                  "lastClassName": "jwEAoi",
                  "rules": Array [
                    "padding:0.5em;background-color:transparent;border:none;border-bottom:1px solid gray;",
                  ],
                },
                "displayName": "Card__AnswerInput",
                "foldedComponentIds": Array [],
                "render": [Function],
                "styledComponentId": "Card__AnswerInput-d2183a-2",
                "target": "input",
                "toString": [Function],
                "warnTooManyClasses": [Function],
                "withComponent": [Function],
              }
            }
            forwardedRef={null}
            name="answer"
            onChange={[Function]}
            onKeyDown={[Function]}
            placeholder="Answer"
            value=""
          >
            <input
              className="Card__AnswerInput-d2183a-2 jwEAoi"
              name="answer"
              onChange={[Function]}
              onKeyDown={[Function]}
              placeholder="Answer"
              value=""
            />
          </StyledComponent>
        </Card__AnswerInput>
      </div>
    </StyledComponent>
  </Card__CardBody>
</Card>
`;
